
KLEE: NOTE: Using POSIX model: /home/user/tools/klee/build/runtime/lib/libkleeRuntimePOSIX64_Debug+Asserts.bca
KLEE: NOTE: Using klee-uclibc : /home/user/tools/klee/build/runtime/lib/klee-uclibc.bca
KLEE: output directory is "/app/se_runs/b1/libxml2_run/xpath/klee_out"
KLEE: Using Z3 solver backend
KLEE: Deterministic allocator: Using quarantine queue size 8
KLEE: Deterministic allocator: globals (start-address=0x78d27ba00000 size=10 GiB)
KLEE: Deterministic allocator: constants (start-address=0x78cffba00000 size=10 GiB)
KLEE: Deterministic allocator: heap (start-address=0x77cffba00000 size=1024 GiB)
KLEE: Deterministic allocator: stack (start-address=0x77affba00000 size=128 GiB)
KLEE: WARNING ONCE: unsupported intrinsic llvm.load.relative.i64
KLEE: WARNING: undefined reference to function: ceil
KLEE: WARNING: undefined reference to function: floor
KLEE: WARNING: undefined reference to function: fmod
KLEE: WARNING: undefined reference to function: getentropy
KLEE: WARNING: undefined reference to function: log10
KLEE: WARNING: undefined reference to function: pow
KLEE: WARNING: undefined reference to function: pthread_cond_destroy
KLEE: WARNING: undefined reference to function: pthread_cond_init
KLEE: WARNING: undefined reference to function: pthread_cond_signal
KLEE: WARNING: undefined reference to function: pthread_cond_wait
KLEE: WARNING: undefined reference to function: pthread_getspecific
KLEE: WARNING: undefined reference to function: pthread_key_create
KLEE: WARNING: undefined reference to function: pthread_key_delete
KLEE: WARNING: undefined reference to function: pthread_mutex_destroy
KLEE: WARNING: undefined reference to function: pthread_mutex_init
KLEE: WARNING: undefined reference to function: pthread_mutex_lock
KLEE: WARNING: undefined reference to function: pthread_mutex_unlock
KLEE: WARNING: undefined reference to function: pthread_once
KLEE: WARNING: undefined reference to function: pthread_self
KLEE: WARNING: undefined reference to function: pthread_setspecific
KLEE: WARNING: undefined reference to function: xmlFuzzCheckFailureReport
KLEE: WARNING: undefined reference to function: xmlFuzzDataCleanup
KLEE: WARNING: undefined reference to function: xmlFuzzDataInit
KLEE: WARNING: undefined reference to function: xmlFuzzInjectFailure
KLEE: WARNING: undefined reference to function: xmlFuzzReadInt
KLEE: WARNING: undefined reference to function: xmlFuzzReadString
KLEE: WARNING: undefined reference to function: xmlFuzzResetFailure
KLEE: WARNING ONCE: calling external: syscall(16, 0, 21505, 131642821705728) at runtime/POSIX/fd.c:997 10
KLEE: WARNING ONCE: Alignment of memory from call "malloc" is not modelled. Using alignment of 8.
KLEE: WARNING ONCE: silently concretizing (reason: external call) expression (Read w8 0 fuzz_data) to value 0 (se_runs/b1/libxml2_run/xpath/harness/xpath.c:37)
KLEE: WARNING ONCE: silently concretizing (reason: external call) expression (SExt w64 (ReadLSB w32 0 fuzz_size)) to value 0 (se_runs/b1/libxml2_run/xpath/harness/xpath.c:37)
KLEE: WARNING ONCE: calling external: xmlFuzzDataInit(131717983633408, (SExt w64 (ReadLSB w32 0 fuzz_size))) at se_runs/b1/libxml2_run/xpath/harness/xpath.c:37 18
KLEE: ERROR: se_runs/b1/libxml2_run/xpath/harness/xpath.c:35: failed external call: xmlFuzzDataInit
KLEE: NOTE: now ignoring this error at this location

KLEE: done: total instructions = 13394
KLEE: done: completed paths = 0
KLEE: done: partially completed paths = 1
KLEE: done: generated tests = 1
