
KLEE: NOTE: Using POSIX model: /home/user/tools/klee/build/runtime/lib/libkleeRuntimePOSIX64_Debug+Asserts.bca
KLEE: NOTE: Using klee-uclibc : /home/user/tools/klee/build/runtime/lib/klee-uclibc.bca
KLEE: output directory is "/app/se_runs/b1/curl_run/curl_fuzzer/klee_out"
KLEE: Using Z3 solver backend
KLEE: Deterministic allocator: Using quarantine queue size 8
KLEE: Deterministic allocator: globals (start-address=0x73c38ce00000 size=10 GiB)
KLEE: Deterministic allocator: constants (start-address=0x73c10ce00000 size=10 GiB)
KLEE: Deterministic allocator: heap (start-address=0x72c10ce00000 size=1024 GiB)
KLEE: Deterministic allocator: stack (start-address=0x72a10ce00000 size=128 GiB)
KLEE: WARNING ONCE: unsupported intrinsic llvm.vector.reduce.or.v8i8
KLEE: WARNING ONCE: unsupported intrinsic llvm.vector.reduce.or.v4i8
KLEE: WARNING ONCE: unsupported intrinsic llvm.load.relative.i64
KLEE: WARNING ONCE: unsupported intrinsic llvm.vector.reduce.add.v2i64
KLEE: WARNING ONCE: unsupported intrinsic llvm.x86.sse2.pause
KLEE: WARNING: undefined reference to function: _Z14fuzz_parse_tlvP9fuzz_dataP3tlv
KLEE: WARNING: undefined reference to function: _Z16fuzz_open_socketPv12curlsocktypeP13curl_sockaddr
KLEE: WARNING: undefined reference to function: _Z17fuzz_get_next_tlvP9fuzz_dataP3tlv
KLEE: WARNING: undefined reference to function: _Z18fuzz_get_first_tlvP9fuzz_dataP3tlv
KLEE: WARNING: undefined reference to function: _Z18fuzz_read_callbackPcmmPv
KLEE: WARNING: undefined reference to function: _Z19fuzz_write_callbackPvmmS_
KLEE: WARNING: undefined reference to function: _Z21fuzz_sockopt_callbackPvi12curlsocktype
KLEE: WARNING: undefined reference to function: accept4
KLEE: WARNING: undefined reference to function: arc4random
KLEE: WARNING: undefined reference to function: bcmp
KLEE: WARNING: undefined reference to function: eventfd
KLEE: WARNING: undefined reference to function: freeifaddrs
KLEE: WARNING: undefined reference to function: getifaddrs
KLEE: WARNING: undefined reference to function: inflate
KLEE: WARNING: undefined reference to function: inflateEnd
KLEE: WARNING: undefined reference to function: inflateInit2_
KLEE: WARNING: undefined reference to function: inflateInit_
KLEE: WARNING: undefined reference to function: inflateReset2
KLEE: WARNING: undefined reference to function: poll
KLEE: WARNING: undefined reference to function: pthread_create
KLEE: WARNING: undefined reference to function: pthread_detach
KLEE: WARNING: undefined reference to function: pthread_join
KLEE: WARNING: undefined reference to function: pthread_mutex_destroy
KLEE: WARNING: undefined reference to function: pthread_mutex_init
KLEE: WARNING: undefined reference to function: pthread_mutex_lock
KLEE: WARNING: undefined reference to function: pthread_mutex_unlock
KLEE: WARNING ONCE: calling external: syscall(16, 0, 21505, 126081128464384) at runtime/POSIX/fd.c:997 10
KLEE: WARNING ONCE: Alignment of memory from call "malloc" is not modelled. Using alignment of 8.
KLEE: WARNING ONCE: sigaction: silently ignoring
KLEE: WARNING ONCE: Alignment of memory from call "calloc" is not modelled. Using alignment of 8.
KLEE: WARNING ONCE: Alignment of memory from call "realloc" is not modelled. Using alignment of 8.
KLEE: WARNING ONCE: silently concretizing (reason: external call) expression (Extract w8 0 (SExt w64 (ReadLSB w32 0 fuzz_size))) to value 0 (se_runs/b1/curl_run/curl_fuzzer/harness/curl_fuzzer.cc:55)
KLEE: WARNING ONCE: calling external: _Z18fuzz_get_first_tlvP9fuzz_dataP3tlv(126098308333568, 126066096078848) at se_runs/b1/curl_run/curl_fuzzer/harness/curl_fuzzer.cc:55 14
KLEE: ERROR: se_runs/b1/curl_run/curl_fuzzer/harness/curl_fuzzer.cc:55: failed external call: _Z18fuzz_get_first_tlvP9fuzz_dataP3tlv
KLEE: NOTE: now ignoring this error at this location

KLEE: done: total instructions = 78157
KLEE: done: completed paths = 1
KLEE: done: partially completed paths = 1
KLEE: done: generated tests = 2
