
KLEE: NOTE: Using POSIX model: /home/user/tools/klee/build/runtime/lib/libkleeRuntimePOSIX64_Debug+Asserts.bca
KLEE: NOTE: Using klee-uclibc : /home/user/tools/klee/build/runtime/lib/klee-uclibc.bca
KLEE: output directory is "/app/se_runs/b1/curl_run/fuzz_bufq/klee_out"
KLEE: Using Z3 solver backend
KLEE: Deterministic allocator: Using quarantine queue size 8
KLEE: Deterministic allocator: globals (start-address=0x7ff8a7200000 size=10 GiB)
KLEE: Deterministic allocator: constants (start-address=0x7ff627200000 size=10 GiB)
KLEE: Deterministic allocator: heap (start-address=0x7ef627200000 size=1024 GiB)
KLEE: Deterministic allocator: stack (start-address=0x7ed627200000 size=128 GiB)
KLEE: WARNING ONCE: unsupported intrinsic llvm.vector.reduce.or.v8i8
KLEE: WARNING ONCE: unsupported intrinsic llvm.vector.reduce.or.v4i8
KLEE: WARNING ONCE: unsupported intrinsic llvm.load.relative.i64
KLEE: WARNING ONCE: unsupported intrinsic llvm.vector.reduce.add.v2i64
KLEE: WARNING ONCE: unsupported intrinsic llvm.x86.sse2.pause
KLEE: WARNING: undefined reference to function: __cxa_guard_acquire
KLEE: WARNING: undefined reference to function: __cxa_guard_release
KLEE: WARNING: undefined reference to function: __gxx_personality_v0
KLEE: WARNING: undefined reference to function: mprotect
KLEE: WARNING ONCE: calling external: syscall(16, 0, 21505, 139503341666304) at runtime/POSIX/fd.c:997 10
KLEE: WARNING ONCE: Alignment of memory from call "malloc" is not modelled. Using alignment of 8.
KLEE: WARNING ONCE: sigaction: silently ignoring
KLEE: WARNING ONCE: calling external: __cxa_guard_acquire(140708147101696) at se_runs/b1/curl_run/fuzz_bufq/harness/fuzz_bufq.cc:138 3
KLEE: WARNING ONCE: calling external: __cxa_guard_release(140708147101696) at se_runs/b1/curl_run/fuzz_bufq/harness/fuzz_bufq.cc:138 3
KLEE: WARNING: mmap: ignoring (EPERM)
KLEE: ERROR: se_runs/b1/curl_run/fuzz_bufq/harness/fuzz_bufq.cc:48: ASSERTION FAIL: buf != (unsigned char *)-1
KLEE: NOTE: now ignoring this error at this location

KLEE: done: total instructions = 17582
KLEE: done: completed paths = 0
KLEE: done: partially completed paths = 1
KLEE: done: generated tests = 1
