
KLEE: NOTE: Using POSIX model: /home/user/tools/klee/build/runtime/lib/libkleeRuntimePOSIX64_Debug+Asserts.bca
KLEE: NOTE: Using klee-uclibc : /home/user/tools/klee/build/runtime/lib/klee-uclibc.bca
KLEE: output directory is "/app/se_runs/b1/binutils_b2bc71a_vul_v2/fuzz_windres/klee_out"
KLEE: Using Z3 solver backend
KLEE: Deterministic allocator: Using quarantine queue size 8
KLEE: Deterministic allocator: globals (start-address=0x7f489e400000 size=10 GiB)
KLEE: Deterministic allocator: constants (start-address=0x7f461e400000 size=10 GiB)
KLEE: Deterministic allocator: heap (start-address=0x7e461e400000 size=1024 GiB)
KLEE: Deterministic allocator: stack (start-address=0x7e261e400000 size=128 GiB)
WARNING: this target does not support the llvm.stacksave intrinsic.
KLEE: WARNING ONCE: unsupported intrinsic llvm.x86.ssse3.pshuf.b.128
KLEE: WARNING ONCE: unsupported intrinsic llvm.x86.sha1rnds4
KLEE: WARNING ONCE: unsupported intrinsic llvm.x86.sha1nexte
KLEE: WARNING ONCE: unsupported intrinsic llvm.x86.sha1msg1
KLEE: WARNING ONCE: unsupported intrinsic llvm.x86.sha1msg2
KLEE: WARNING: undefined reference to function: __isoc23_sscanf
KLEE: WARNING: undefined reference to function: __isoc23_strtol
KLEE: WARNING: undefined reference to function: __isoc23_strtoul
KLEE: WARNING: undefined reference to function: __isoc23_strtoull
KLEE: WARNING: undefined reference to function: compress
KLEE: WARNING: undefined reference to function: compressBound
KLEE: WARNING: undefined reference to function: dgettext
KLEE: WARNING: undefined reference to function: dlerror
KLEE: WARNING: undefined reference to function: dlopen
KLEE: WARNING: undefined reference to function: dlsym
KLEE: WARNING: undefined reference to function: get_file_size
KLEE: WARNING: undefined reference to variable: program_name
KLEE: WARNING: undefined reference to function: read_coff_rsrc
KLEE: WARNING: undefined reference to function: sbrk
KLEE: WARNING: undefined reference to function: sframe_calc_fre_type
KLEE: WARNING: undefined reference to function: sframe_decode
KLEE: WARNING: undefined reference to function: sframe_decoder_free
KLEE: WARNING: undefined reference to function: sframe_decoder_get_abi_arch
KLEE: WARNING: undefined reference to function: sframe_decoder_get_fixed_fp_offset
KLEE: WARNING: undefined reference to function: sframe_decoder_get_fixed_ra_offset
KLEE: WARNING: undefined reference to function: sframe_decoder_get_flags
KLEE: WARNING: undefined reference to function: sframe_decoder_get_fres_buf
KLEE: WARNING: undefined reference to function: sframe_decoder_get_funcdesc_v3
KLEE: WARNING: undefined reference to function: sframe_decoder_get_hdr_size
KLEE: WARNING: undefined reference to function: sframe_decoder_get_num_fidx
KLEE: WARNING: undefined reference to function: sframe_decoder_get_offsetof_fde_start_addr
KLEE: WARNING: undefined reference to function: sframe_decoder_get_version
KLEE: WARNING: undefined reference to function: sframe_encode
KLEE: WARNING: undefined reference to function: sframe_encoder_add_fre
KLEE: WARNING: undefined reference to function: sframe_encoder_add_fres_buf
KLEE: WARNING: undefined reference to function: sframe_encoder_add_funcdesc
KLEE: WARNING: undefined reference to function: sframe_encoder_add_funcdesc_v3
KLEE: WARNING: undefined reference to function: sframe_encoder_free
KLEE: WARNING: undefined reference to function: sframe_encoder_get_abi_arch
KLEE: WARNING: undefined reference to function: sframe_encoder_get_flags
KLEE: WARNING: undefined reference to function: sframe_encoder_get_num_fidx
KLEE: WARNING: undefined reference to function: sframe_encoder_get_offsetof_fde_start_addr
KLEE: WARNING: undefined reference to function: sframe_encoder_get_version
KLEE: WARNING: undefined reference to function: sframe_encoder_write
KLEE: WARNING: undefined reference to function: sframe_fde_create_func_info
KLEE: WARNING: undefined reference to function: uncompress2
KLEE: WARNING: executable has module level assembly (ignoring)
KLEE: ERROR: Unable to load symbol(program_name) while initializing globals
