
KLEE: NOTE: Using POSIX model: /home/user/tools/klee/build/runtime/lib/libkleeRuntimePOSIX64_Debug+Asserts.bca
KLEE: NOTE: Using klee-uclibc : /home/user/tools/klee/build/runtime/lib/klee-uclibc.bca
KLEE: output directory is "/app/se_runs/b1/binutils_b2bc71a_vul_v2/fuzz_readelf/klee_out"
KLEE: Using Z3 solver backend
KLEE: Deterministic allocator: Using quarantine queue size 8
KLEE: Deterministic allocator: globals (start-address=0x7f07bc400000 size=10 GiB)
KLEE: Deterministic allocator: constants (start-address=0x7f053c400000 size=10 GiB)
KLEE: Deterministic allocator: heap (start-address=0x7e053c400000 size=1024 GiB)
KLEE: Deterministic allocator: stack (start-address=0x7de53c400000 size=128 GiB)
WARNING: this target does not support the llvm.stacksave intrinsic.
KLEE: WARNING ONCE: unsupported intrinsic llvm.x86.ssse3.pshuf.b.128
KLEE: WARNING ONCE: unsupported intrinsic llvm.x86.sha1rnds4
KLEE: WARNING ONCE: unsupported intrinsic llvm.x86.sha1nexte
KLEE: WARNING ONCE: unsupported intrinsic llvm.x86.sha1msg1
KLEE: WARNING ONCE: unsupported intrinsic llvm.x86.sha1msg2
KLEE: WARNING: undefined reference to function: __ctype_get_mb_cur_max
KLEE: WARNING: undefined reference to function: __isoc23_strtoul
KLEE: WARNING: undefined reference to function: adjust_relative_path
KLEE: WARNING: undefined reference to variable: byte_get
KLEE: WARNING: undefined reference to function: byte_get_big_endian
KLEE: WARNING: undefined reference to function: byte_get_little_endian
KLEE: WARNING: undefined reference to function: byte_get_signed
KLEE: WARNING: undefined reference to variable: byte_put
KLEE: WARNING: undefined reference to function: byte_put_big_endian
KLEE: WARNING: undefined reference to function: byte_put_little_endian
KLEE: WARNING: undefined reference to function: cmalloc
KLEE: WARNING: undefined reference to function: dgettext
KLEE: WARNING: undefined reference to variable: do_checks
KLEE: WARNING: undefined reference to variable: do_debug_abbrevs
KLEE: WARNING: undefined reference to variable: do_debug_addr
KLEE: WARNING: undefined reference to variable: do_debug_aranges
KLEE: WARNING: undefined reference to variable: do_debug_cu_index
KLEE: WARNING: undefined reference to variable: do_debug_frames
KLEE: WARNING: undefined reference to variable: do_debug_info
KLEE: WARNING: undefined reference to variable: do_debug_lines
KLEE: WARNING: undefined reference to variable: do_debug_links
KLEE: WARNING: undefined reference to variable: do_debug_loc
KLEE: WARNING: undefined reference to variable: do_debug_macinfo
KLEE: WARNING: undefined reference to variable: do_debug_pubnames
KLEE: WARNING: undefined reference to variable: do_debug_pubtypes
KLEE: WARNING: undefined reference to variable: do_debug_ranges
KLEE: WARNING: undefined reference to variable: do_debug_str
KLEE: WARNING: undefined reference to variable: do_debug_str_offsets
KLEE: WARNING: undefined reference to variable: do_gdb_index
KLEE: WARNING: undefined reference to variable: do_trace_abbrevs
KLEE: WARNING: undefined reference to variable: do_trace_aranges
KLEE: WARNING: undefined reference to variable: do_trace_info
KLEE: WARNING: undefined reference to variable: do_wide
KLEE: WARNING: undefined reference to function: dwarf_select_sections_all
KLEE: WARNING: undefined reference to function: dwarf_select_sections_by_letters
KLEE: WARNING: undefined reference to variable: eh_addr_size
KLEE: WARNING: undefined reference to variable: first_separate_info
KLEE: WARNING: undefined reference to function: free_debug_memory
KLEE: WARNING: undefined reference to function: get_archive_member_name
KLEE: WARNING: undefined reference to function: gettext
KLEE: WARNING: undefined reference to function: init_dwarf_by_elf_machine_code
KLEE: WARNING: undefined reference to function: load_separate_debug_files
KLEE: WARNING: undefined reference to function: make_qualified_name
KLEE: WARNING: undefined reference to function: ngettext
KLEE: WARNING: undefined reference to function: read_leb128
KLEE: WARNING: undefined reference to function: release_archive
KLEE: WARNING: undefined reference to function: sbrk
KLEE: WARNING: undefined reference to function: setup_archive
KLEE: WARNING: undefined reference to function: unw_decode
KLEE: WARNING: undefined reference to function: xcmalloc
KLEE: WARNING: executable has module level assembly (ignoring)
KLEE: ERROR: Unable to load symbol(do_checks) while initializing globals
