=================================================================
==315802==ERROR: AddressSanitizer: heap-buffer-overflow on address 0x502000000051 at pc 0x7fdff70be2c3 bp 0x7fffd570b380 sp 0x7fffd570ab28
WRITE of size 128 at 0x502000000051 thread T0
    #0 0x7fdff70be2c2 in __interceptor_memcpy ../../../../src/libsanitizer/sanitizer_common/sanitizer_common_interceptors.inc:827
    #1 0x55dec0f76bfb in ff_mpv_reallocate_putbitbuffer /app/sailor_ffmpeg_f46e5144_vul/se_runs/sailor_engine/ffmpeg_f46e5144_vul/1780_mpegvideo_enc.c_2857_local_cpp_cwe-120-overflow//harness/mpegvideo_enc.c:75
    #2 0x55dec0f76eec in entry_func /app/sailor_ffmpeg_f46e5144_vul/se_runs/sailor_engine/ffmpeg_f46e5144_vul/1780_mpegvideo_enc.c_2857_local_cpp_cwe-120-overflow//harness/mpegvideo_enc.c:89
    #3 0x55dec0f7658a in main /app/sailor_ffmpeg_f46e5144_vul/se_runs/sailor_engine/ffmpeg_f46e5144_vul/1780_mpegvideo_enc.c_2857_local_cpp_cwe-120-overflow//harness/driver.c:38
    #4 0x7fdff6d56d8f  (/lib/x86_64-linux-gnu/libc.so.6+0x29d8f)
    #5 0x7fdff6d56e3f in __libc_start_main (/lib/x86_64-linux-gnu/libc.so.6+0x29e3f)
    #6 0x55dec0f76264 in _start (/home/user/user/ffmpeg_verify_v2/1780_mpegvideo_enc.c_2857_local_cpp_cwe-120-overflow_bin+0x1264)

0x502000000051 is located 0 bytes to the right of 1-byte region [0x502000000050,0x502000000051)
allocated by thread T0 here:
    #0 0x7fdff7138887 in __interceptor_malloc ../../../../src/libsanitizer/asan/asan_malloc_linux.cpp:145
    #1 0x55dec0f76803 in av_fast_padded_malloc /app/sailor_ffmpeg_f46e5144_vul/se_runs/sailor_engine/ffmpeg_f46e5144_vul/1780_mpegvideo_enc.c_2857_local_cpp_cwe-120-overflow//harness/mpegvideo_enc.c:52
    #2 0x55dec0f76ab7 in ff_mpv_reallocate_putbitbuffer /app/sailor_ffmpeg_f46e5144_vul/se_runs/sailor_engine/ffmpeg_f46e5144_vul/1780_mpegvideo_enc.c_2857_local_cpp_cwe-120-overflow//harness/mpegvideo_enc.c:69
    #3 0x55dec0f76eec in entry_func /app/sailor_ffmpeg_f46e5144_vul/se_runs/sailor_engine/ffmpeg_f46e5144_vul/1780_mpegvideo_enc.c_2857_local_cpp_cwe-120-overflow//harness/mpegvideo_enc.c:89
    #4 0x55dec0f7658a in main /app/sailor_ffmpeg_f46e5144_vul/se_runs/sailor_engine/ffmpeg_f46e5144_vul/1780_mpegvideo_enc.c_2857_local_cpp_cwe-120-overflow//harness/driver.c:38
    #5 0x7fdff6d56d8f  (/lib/x86_64-linux-gnu/libc.so.6+0x29d8f)

SUMMARY: AddressSanitizer: heap-buffer-overflow ../../../../src/libsanitizer/sanitizer_common/sanitizer_common_interceptors.inc:827 in __interceptor_memcpy
Shadow bytes around the buggy address:
  0x0a047fff7fb0: 00 00 00 00 00 00 00 00 00 00 00 00 00 00 00 00
  0x0a047fff7fc0: 00 00 00 00 00 00 00 00 00 00 00 00 00 00 00 00
  0x0a047fff7fd0: 00 00 00 00 00 00 00 00 00 00 00 00 00 00 00 00
  0x0a047fff7fe0: 00 00 00 00 00 00 00 00 00 00 00 00 00 00 00 00
  0x0a047fff7ff0: 00 00 00 00 00 00 00 00 00 00 00 00 00 00 00 00
=>0x0a047fff8000: fa fa 00 00 fa fa 00 00 fa fa[01]fa fa fa fa fa
  0x0a047fff8010: fa fa fa fa fa fa fa fa fa fa fa fa fa fa fa fa
  0x0a047fff8020: fa fa fa fa fa fa fa fa fa fa fa fa fa fa fa fa
  0x0a047fff8030: fa fa fa fa fa fa fa fa fa fa fa fa fa fa fa fa
  0x0a047fff8040: fa fa fa fa fa fa fa fa fa fa fa fa fa fa fa fa
  0x0a047fff8050: fa fa fa fa fa fa fa fa fa fa fa fa fa fa fa fa
Shadow byte legend (one shadow byte represents 8 application bytes):
  Addressable:           00
  Partially addressable: 01 02 03 04 05 06 07 
  Heap left redzone:       fa
  Freed heap region:       fd
  Stack left redzone:      f1
  Stack mid redzone:       f2
  Stack right redzone:     f3
  Stack after return:      f5
  Stack use after scope:   f8
  Global redzone:          f9
  Global init order:       f6
  Poisoned by user:        f7
  Container overflow:      fc
  Array cookie:            ac
  Intra object redzone:    bb
  ASan internal:           fe
  Left alloca redzone:     ca
  Right alloca redzone:    cb
  Shadow gap:              cc
==315802==ABORTING
