=================================================================
==297143==ERROR: AddressSanitizer: heap-buffer-overflow on address 0x502000000020 at pc 0x7f4f85d3c397 bp 0x7ffd333c7110 sp 0x7ffd333c68b8
READ of size 64 at 0x502000000020 thread T0
    #0 0x7f4f85d3c396 in __interceptor_memcpy ../../../../src/libsanitizer/sanitizer_common/sanitizer_common_interceptors.inc:827
    #1 0x557e7bb426b2 in av_packet_ref /app/sailor_ffmpeg_f46e5144_vul/se_runs/sailor_engine/ffmpeg_f46e5144_vul/1146_packet.c_453_local_cpp_cwe-120-overflow//harness/packet.c:55
    #2 0x557e7bb427d7 in entry_func /app/sailor_ffmpeg_f46e5144_vul/se_runs/sailor_engine/ffmpeg_f46e5144_vul/1146_packet.c_453_local_cpp_cwe-120-overflow//harness/packet.c:69
    #3 0x557e7bb423fa in main /app/sailor_ffmpeg_f46e5144_vul/se_runs/sailor_engine/ffmpeg_f46e5144_vul/1146_packet.c_453_local_cpp_cwe-120-overflow//harness/driver.c:30
    #4 0x7f4f859d4d8f  (/lib/x86_64-linux-gnu/libc.so.6+0x29d8f)
    #5 0x7f4f859d4e3f in __libc_start_main (/lib/x86_64-linux-gnu/libc.so.6+0x29e3f)
    #6 0x557e7bb42204 in _start (/home/user/user/ffmpeg_verify_v2/1146_packet.c_453_local_cpp_cwe-120-overflow_bin+0x1204)

0x502000000020 is located 0 bytes to the right of 16-byte region [0x502000000010,0x502000000020)
allocated by thread T0 here:
    #0 0x7f4f85db6887 in __interceptor_malloc ../../../../src/libsanitizer/asan/asan_malloc_linux.cpp:145
    #1 0x557e7bb4235c in main /app/sailor_ffmpeg_f46e5144_vul/se_runs/sailor_engine/ffmpeg_f46e5144_vul/1146_packet.c_453_local_cpp_cwe-120-overflow//harness/driver.c:22
    #2 0x7f4f859d4d8f  (/lib/x86_64-linux-gnu/libc.so.6+0x29d8f)

SUMMARY: AddressSanitizer: heap-buffer-overflow ../../../../src/libsanitizer/sanitizer_common/sanitizer_common_interceptors.inc:827 in __interceptor_memcpy
Shadow bytes around the buggy address:
  0x0a047fff7fb0: 00 00 00 00 00 00 00 00 00 00 00 00 00 00 00 00
  0x0a047fff7fc0: 00 00 00 00 00 00 00 00 00 00 00 00 00 00 00 00
  0x0a047fff7fd0: 00 00 00 00 00 00 00 00 00 00 00 00 00 00 00 00
  0x0a047fff7fe0: 00 00 00 00 00 00 00 00 00 00 00 00 00 00 00 00
  0x0a047fff7ff0: 00 00 00 00 00 00 00 00 00 00 00 00 00 00 00 00
=>0x0a047fff8000: fa fa 00 00[fa]fa 00 fa fa fa fa fa fa fa fa fa
  0x0a047fff8010: fa fa fa fa fa fa fa fa fa fa fa fa fa fa fa fa
  0x0a047fff8020: fa fa fa fa fa fa fa fa fa fa fa fa fa fa fa fa
  0x0a047fff8030: fa fa fa fa fa fa fa fa fa fa fa fa fa fa fa fa
  0x0a047fff8040: fa fa fa fa fa fa fa fa fa fa fa fa fa fa fa fa
  0x0a047fff8050: fa fa fa fa fa fa fa fa fa fa fa fa fa fa fa fa
Shadow byte legend (one shadow byte represents 8 application bytes):
  Addressable:           00
  Partially addressable: 01 02 03 04 05 06 07 
  Heap left redzone:       fa
  Freed heap region:       fd
  Stack left redzone:      f1
  Stack mid redzone:       f2
  Stack right redzone:     f3
  Stack after return:      f5
  Stack use after scope:   f8
  Global redzone:          f9
  Global init order:       f6
  Poisoned by user:        f7
  Container overflow:      fc
  Array cookie:            ac
  Intra object redzone:    bb
  ASan internal:           fe
  Left alloca redzone:     ca
  Right alloca redzone:    cb
  Shadow gap:              cc
==297143==ABORTING
